1785643733121	geckodriver	INFO	Listening on 127.0.0.1:64578
1785643736178	mozrunner::runner	INFO	Running command: "C:\\Program Files\\Mozilla Firefox\\firefox.exe" "--marionette" "--remote-debugging-port" "64579" "--remote-allow-hosts" "localhost" "-no-remote" "-profile" "C:\\Users\\hsuan\\AppData\\Local\\Temp\\rust_mozprofileSQpsv0"
console.warn: services.settings: Ignoring preference override of remote settings server
console.warn: services.settings: Allow by setting MOZ_REMOTE_SETTINGS_DEVTOOLS=1 in the environment
Dynamically enable window occlusion 0
1785643736886	Marionette	INFO	Marionette enabled
1785643737025	Marionette	INFO	Listening on port 62518
WebDriver BiDi listening on ws://127.0.0.1:64579
Read port: 62518
1785643737191	RemoteAgent	WARN	TLS certificate errors will be ignored for this session
JavaScript warning: https://www.cet-taiwan.org/sites/www.cet-taiwan.org/modules/jquery_update/replace/jquery/1.9/jquery.min.js?v=1.9.1, line 2: Using //@ to indicate sourceMappingURL pragmas is deprecated. Use //# instead
JavaScript warning: https://www.cet-taiwan.org/sites/all/modules/civicrm/js/rest.js?tj4io6, line 65: unreachable code after return statement
JavaScript warning: https://www.cet-taiwan.org/profiles/neticrmp/modules/login_history/js/login_history.fingerprint.js?tj4io6, line 109: WEBGL_debug_renderer_info is deprecated in Firefox and will be removed. Please use RENDERER.
console.warn: LoginRecipes: "Falling back to a synchronous message for: https://www.cet-taiwan.org."
console.warn: LoginRecipes: "Falling back to a synchronous message for: https://www.cet-taiwan.org."
JavaScript warning: https://www.cet-taiwan.org/sites/www.cet-taiwan.org/modules/jquery_update/replace/jquery/1.9/jquery.min.js?v=1.9.1, line 2: Using //@ to indicate sourceMappingURL pragmas is deprecated. Use //# instead
JavaScript warning: https://www.cet-taiwan.org/sites/www.cet-taiwan.org/modules/jquery_update/replace/jquery/1.9/jquery.min.js?v=1.9.1, line 2: Using //@ to indicate sourceMappingURL pragmas is deprecated. Use //# instead
JavaScript warning: https://www.cet-taiwan.org/sites/all/modules/civicrm/js/rest.js?tj4jjx, line 65: unreachable code after return statement
JavaScript warning: https://www.cet-taiwan.org/sites/www.cet-taiwan.org/modules/jquery_update/replace/jquery/1.9/jquery.min.js?v=1.9.1, line 2: Using //@ to indicate sourceMappingURL pragmas is deprecated. Use //# instead
JavaScript error: https://www.cet-taiwan.org/sites/www.cet-taiwan.org/themes/cet/js/custom.js?tj4jk7, line 61: TypeError: IntersectionObserver.observe: Argument 1 is not an object.
1785643961346	Marionette	INFO	Stopped listening on port 62518
Dynamically enable window occlusion 1
console.error: (new TypeError("NetworkError when attempting to fetch resource.", ""))
console.error: (new Error("OHTTP was configured for https://ads.mozilla.org/v1/delete_user but we couldn't fetch a valid config", "moz-src:///browser/modules/ContextId.sys.mjs", 234))
console.error: "Failed to fetch https://spocs.getpocket.com/user:" "NetworkError when attempting to fetch resource."
console.warn: TopSitesFeed: Failed to fetch data from MARS server: NetworkError when attempting to fetch resource.
JavaScript error: resource://gre/modules/ObliviousHTTP.sys.mjs, line 105: NS_ERROR_XPC_CANT_CONVERT_PRIMITIVE_TO_ARRAY: Cannot convert primitive JavaScript value into an array arg 2 [nsIObliviousHttpService.newChannel]
JavaScript error: resource://services-settings/RemoteSettingsClient.sys.mjs, line 102: Error: Unknown callback
